// Vitest Snapshot v1

exports[`LoginPage > renders the component correctly 1`] = `
"<div class=\\"login-container-wrapper\\" data-v-eec819be=\\"\\">
  <div class=\\"login-container\\" data-v-eec819be=\\"\\"><img class=\\"logo-icon\\" src=\\"/logo-white.svg\\" data-v-eec819be=\\"\\">
    <p data-v-eec819be=\\"\\">Access our platform too see some amazing content</p><button style=\\"opacity: 0.9;\\" class=\\"login-btn\\" data-v-14b65c88=\\"\\" data-v-eec819be=\\"\\">Login</button>
  </div><img class=\\"login-img\\" src=\\"login-image.png\\" data-v-eec819be=\\"\\">
</div>"
`;
